I'm sorry, but errors were detected in your script. Please correct the
errors listed below, and try again.


File "game/script.rpy", line 182: Line is indented, but the preceding say statement statement does not expect a block. Please check this line's indentation. You may have forgotten a colon (:).
    "What happen before 15 years old?"
    ^

Ren'Py Version: Ren'Py 8.2.1.24030407
Wed May  1 22:17:20 2024
